uncaught exception: error(existence_error(procedure,teachesTwice/2),top_level/0)
