edu.odu.cs.cs355.PipeLine.Pipes.RUPipe: 0=>3 3=>0 
