edu.odu.cs.cs355.PipeLine.Pipes.RDPipe: 2=>3 3=>2 
