Hoffmann, Rachael
Irintchev, Adel
Ishfaq, Abdullah
Reasor, Hamid
Rollins, Amy
Shi, Nichelle
