uncaught exception: error(existence_error(procedure,enrolled/2),takes/0)
