uncaught exception: error(existence_error(procedure,takes/2),top_level/0)
