> Task :compileJava UP-TO-DATE
> Task :processResources NO-SOURCE
> Task :classes UP-TO-DATE
> Task :compileTestJava UP-TO-DATE
> Task :processTestResources NO-SOURCE
> Task :testClasses UP-TO-DATE

> Task :test

TestParser > testFile2() FAILED
    org.opentest4j.AssertionFailedError at TestParser.java:152
There were failing tests. See the report at: file:///home/cs_zboud002/CS355/asst1_part_and_parcel/build/reports/tests/test/index.html

Deprecated Gradle features were used in this build, making it incompatible with Gradle 9.0.

You can use '--warning-mode all' to show the individual deprecation warnings and determine if they come from your own scripts or plugins.

For more on this, please refer to https://docs.gradle.org/8.5/userguide/command_line_interface.html#sec:command_line_warnings in the Gradle documentation.

BUILD SUCCESSFUL in 2s
3 actionable tasks: 1 executed, 2 up-to-date
