Copyright (C) 1999-2025 Daniel Diaz
GNU Prolog 1.5.0 (64 bits)
staff
