> Task :compileJava NO-SOURCE
> Task :processResources NO-SOURCE
> Task :classes UP-TO-DATE

> Task :compileTestJava FAILED
1 actionable task: 1 executed
