edu.odu.cs.cs355.PipeLine.Pipes.LUPipe: 0=>1 1=>0 
