edu.odu.cs.cs355.PipeLine.Pipes.LDPipe: 1=>2 2=>1 
