sml: unable to determine architecture/operating system
