uncaught exception: error(existence_error(procedure,teaches_section/2),teaches/0)
