uncaught exception: error(existence_error(procedure,teaches/2),top_level/0)
