Copyright (C) 1999-2025 Daniel Diaz
cs311
cs450
GNU Prolog 1.5.0 (64 bits)
